<?xml version="1.0" encoding="utf-8"?>
<manifest xmlns:android="http://schemas.android.com/apk/res/android"
	package="dev.local.probe"
	android:versionCode="4"
	android:versionName="1.2.3.4">
	
	<uses-sdk android:minSdkVersion="16" android:targetSdkVersion="35" />
	<uses-permission android:name="android.permission.INTERNET"/>
	<uses-feature android:glEsVersion="0x00020000" android:required="false"/>
	<application  android:label="Probe">
		<activity android:name="io.arandu.ayra.AyraActivity"
			android:label="Probe"
			android:theme="@style/Theme.AyraApp"
			android:configChanges="screenSize|screenLayout|smallestScreenSize|orientation|keyboardHidden"
			android:windowSoftInputMode="adjustResize"
			android:launchMode="singleInstance"
			android:exported="true">
			<intent-filter>
				<action android:name="android.intent.action.MAIN" />
				<category android:name="android.intent.category.LAUNCHER" />
			</intent-filter>
			
		</activity>
	</application>
</manifest>